"author": {"raw": "Paramashivam <shivaj15@yahoo.com>", "type": "author", "user": {"username": "shivaj15", "display_name": "Paramashivam", "type": "user", "uuid": "{c703ddc1-d9d7-4973-8c48-bf92bf431f8f}"
"author": {"raw": "Nandhana <shivaj15@yahoo.com>", "type": "author", "user": {"username": "shivaj15", "display_name": "Nandhana", "type": "user", "uuid": "{c704ddc1-d9d7-4973-8c48-bf92bf431f8f}"
